0 verbose cli /usr/local/bin/node /usr/local/bin/npm
1 info using npm@10.9.2
2 info using node@v22.13.1
3 silly config load:file:/usr/local/lib/node_modules/npm/npmrc
4 silly config load:file:/Users/derek/Developer/hackathons/battle-of-schools/browser/.npmrc
5 silly config load:file:/Users/derek/Developer/hackathons/battle-of-schools/rust/.sandbox-home/.npmrc
6 silly config load:file:/usr/local/etc/npmrc
7 verbose title npm install
8 verbose argv "install"
9 verbose logfile logs-max:10 dir:/Users/derek/Developer/hackathons/battle-of-schools/rust/.sandbox-home/.npm/_logs/2026-09-13T03_22_56_211Z-
10 verbose logfile /Users/derek/Developer/hackathons/battle-of-schools/rust/.sandbox-home/.npm/_logs/2026-09-13T03_22_56_211Z-debug-0.log
11 silly logfile done cleaning log files
12 silly packumentCache heap:2197815296 maxSize:549453824 maxEntrySize:274726912
13 silly idealTree buildDeps
14 silly fetch manifest playwright@^1.49.0
15 silly packumentCache full:https://registry.npmjs.org/playwright cache-miss
16 http fetch GET 200 https://registry.npmjs.org/npm 137ms
17 http fetch GET 200 https://registry.npmjs.org/playwright 347ms (cache miss)
18 silly packumentCache full:https://registry.npmjs.org/playwright set size:undefined disposed:false
19 silly fetch manifest steel-sdk@^0.15.0
20 silly packumentCache full:https://registry.npmjs.org/steel-sdk cache-miss
