---
source: crates/rusty-claude-cli/src/tui/mod.rs
assertion_line: 885
expression: dump(&term)
---
Opus 4.7 · ⧉ 15% (30K/200K) · $0.42 · ● read-only · main                        
☠ dickhead mode (shift+tab to cycle)                                            
╭──────────────────────────────────────────────────────────────────────────────╮
│>                                                                             │
╰──────────────────────────────────────────────────────────────────────────────╯
? for shortcuts · Shift+Tab to cycle mode · @ for files · ! for bash
